[36mvite v8.0.2 [32mbuilding client environment for production...[36m[39m
[2K
node.exe : 
En C:\Program Files\nodejs\npx.ps1: 29 
Carácter: 3
+   & $NODE_EXE $NPX_CLI_JS $args
+   ~~~~~~~~~~~~~~~~~~~~~~~~~~~~~
    + CategoryInfo          : NotSpecif 
   ied: (:String) [], RemoteException
    + FullyQualifiedErrorId : NativeCom 
   mandError
 
[1m[33mwarn[39m[22m - The `content` 
option in your Tailwind CSS 
configuration is missing or empty.
[1m[33mwarn[39m[22m - Configure 
your content sources or your generated 
CSS will be missing styles.
[1m[33mwarn[39m[22m - https://tailwi
ndcss.com/docs/content-configuration
transforming...Γ£ô 1832 modules transformed.
[31mΓ£ù[39m Build failed in 650ms
[31merror during build:
[31mBuild failed with 1 error:

[plugin vite:css] C:/Users/User/Document
s/GitHub/Dflow/src/index.css:1:0
CssSyntaxError: [postcss] C:/Users/User/
Documents/GitHub/Dflow/src/index.css:1:1
: The `border-border` class does not 
exist. If `border-border` is a custom 
class, make sure it is defined within a 
`@layer` directive.
    at Input.error (C:\Users\User\Docume
nts\GitHub\Dflow\node_modules\postcss\li
b\input.js:135:16)
    at AtRule.error (C:\Users\User\Docum
ents\GitHub\Dflow\node_modules\postcss\l
ib\node.js:146:32)
    at processApply (C:\Users\User\Docum
ents\GitHub\Dflow\node_modules\tailwindc
ss\lib\lib\expandApplyAtRules.js:380:29)
    at C:\Users\User\Documents\GitHub\Df
low\node_modules\tailwindcss\lib\lib\exp
andApplyAtRules.js:551:9
    at C:\Users\User\Documents\GitHub\Df
low\node_modules\tailwindcss\lib\process
TailwindFeatures.js:55:50
    at async plugins (C:\Users\User\Docu
ments\GitHub\Dflow\node_modules\tailwind
css\lib\plugin.js:38:17)
    at async LazyResult.runAsync (C:\Use
rs\User\Documents\GitHub\Dflow\node_modu
les\postcss\lib\lazy-result.js:293:11)
    at async runPostCSS (file:///C:/User
s/User/Documents/GitHub/Dflow/node_modul
es/vite/dist/node/chunks/node.js:20944:1
9)
    at async compilePostCSS (file:///C:/
Users/User/Documents/GitHub/Dflow/node_m
odules/vite/dist/node/chunks/node.js:209
28:6)
    at async compileCSS (file:///C:/User
s/User/Documents/GitHub/Dflow/node_modul
es/vite/dist/node/chunks/node.js:20858:2
6)[31m
    at 
aggregateBindingErrorsIntoJsError (file:
///C:/Users/User/Documents/GitHub/Dflow/
node_modules/rolldown/dist/shared/error-
D8cGyrC7.mjs:48:18)
    at unwrapBindingResult (file:///C:/U
sers/User/Documents/GitHub/Dflow/node_mo
dules/rolldown/dist/shared/error-D8cGyrC
7.mjs:18:128)
    at #build (file:///C:/Users/User/Doc
uments/GitHub/Dflow/node_modules/rolldow
n/dist/shared/rolldown-build-CL9PyQ2E.mj
s:3313:34)
    at async buildEnvironment (file:///C
:/Users/User/Documents/GitHub/Dflow/node
_modules/vite/dist/node/chunks/node.js:3
2829:64)
    at async Object.build (file:///C:/Us
ers/User/Documents/GitHub/Dflow/node_mod
ules/vite/dist/node/chunks/node.js:33251
:19)
    at async Object.buildApp (file:///C:
/Users/User/Documents/GitHub/Dflow/node_
modules/vite/dist/node/chunks/node.js:33
248:153)
    at async CAC.<anonymous> (file:///C:
/Users/User/Documents/GitHub/Dflow/node_
modules/vite/dist/node/cli.js:778:3) {
  errors: [Getter/Setter]
}[39m
