src/views/CompassView.tsx(2,58): error TS2307: Cannot find module '@/components/ui/card' or its corresponding type declarations.
src/views/CompassView.tsx(3,24): error TS2307: Cannot find module '@/components/ui/button' or its corresponding type declarations.
src/views/CompassView.tsx(4,81): error TS2307: Cannot find module '@/components/ui/dialog' or its corresponding type declarations.
src/views/CompassView.tsx(5,23): error TS2307: Cannot find module '@/components/ui/input' or its corresponding type declarations.
src/views/CompassView.tsx(6,23): error TS2307: Cannot find module '@/components/ui/label' or its corresponding type declarations.
src/views/HealthView.tsx(2,35): error TS2307: Cannot find module '@/components/ui/card' or its corresponding type declarations.
src/views/HealthView.tsx(3,1): error TS6133: 'Label' is declared but its value is never read.
src/views/HealthView.tsx(3,23): error TS2307: Cannot find module '@/components/ui/label' or its corresponding type declarations.
src/views/ParkingLotView.tsx(2,24): error TS2307: Cannot find module '@/components/ui/button' or its corresponding type declarations.
src/views/ParkingLotView.tsx(3,21): error TS6133: 'Send' is declared but its value is never read.
src/views/ProjectsView.tsx(1,52): error TS6133: 'CardDescription' is declared but its value is never read.
src/views/ProjectsView.tsx(1,75): error TS2307: Cannot find module '@/components/ui/card' or its corresponding type declarations.
src/views/ProjectsView.tsx(2,26): error TS2307: Cannot find module '@/components/ui/progress' or its corresponding type declarations.
src/views/ProjectsView.tsx(3,10): error TS6133: 'FolderKanban' is declared but its value is never read.
